// Jest Snapshot v1, https://goo.gl/fbAQLP

exports[`<SearchArea /> renders 1`] = `
<div>
  <form
    class="relative flex h-16 items-center"
  >
    <label
      class="flex h-full w-full flex-col"
    >
      <span>
        Search notes
      </span>
      <input
        autocomplete="off"
        class="h-1/2 w-full rounded border-[1px] border-solid bg-transparent pl-2 dark:border-0 dark:bg-neutral-800 dark:placeholder-gray-300 dark:placeholder-opacity-50"
        name="q"
        placeholder="Type here"
        value=""
      />
    </label>
    <div
      class="absolute right-0 bottom-0 flex h-1/2 gap-2 p-1"
    >
      <button
        class="items-center rounded border-0 text-black dark:text-white p-2 flex bg-gray-200 hover:bg-gray-300 dark:bg-gray-500 dark:hover:bg-gray-600"
      >
        Search
      </button>
    </div>
  </form>
</div>
`;
