// Jest Snapshot v1, https://goo.gl/fbAQLP

exports[`<Feed /> when posts are empty renders 1`] = `
<div>
  <p
    class="text-center"
  >
    No posts yet
  </p>
</div>
`;

exports[`<Feed /> when posts exist renders 1`] = `
<div>
  <ul
    class="mt-4"
  >
    <li
      class="flex list-none flex-col border-0 border-solid py-6 last:border-b-0"
    >
      <p
        class="border-l-light-primary dark:border-l-dark-primary break-words border-0 border-l-2 border-solid pl-4"
      >
        post
      </p>
      <div
        class="flex items-center gap-4 self-end"
      >
        <p
          class="text-sm italic "
        >
          - 
          name
           at 
          01/01/2022 00:00
        </p>
      </div>
    </li>
  </ul>
</div>
`;
