// Jest Snapshot v1, https://goo.gl/fbAQLP

exports[`<Textarea /> renders 1`] = `
<div>
  <label
    class="flex flex-col gap-2"
  >
    <span>
      a label
    </span>
    <textarea
      class="h-24 w-full resize-none rounded border-[1px] border-solid bg-transparent p-2 dark:border-0 dark:bg-neutral-800 dark:placeholder-gray-300 dark:placeholder-opacity-50"
    />
  </label>
</div>
`;
