// Jest Snapshot v1, https://goo.gl/fbAQLP

exports[`<Header /> renders 1`] = `
<div>
  <script>
    !function(){try{var d=document.documentElement,c=d.classList;c.remove('light','dark');var e=localStorage.getItem('theme');if('system'===e||(!e&&true)){var t='(prefers-color-scheme: dark)',m=window.matchMedia(t);if(m.media!==t||m.matches){d.style.colorScheme = 'dark';c.add('dark')}else{d.style.colorScheme = 'light';c.add('light')}}else if(e){c.add(e|| '')}if(e==='light'||e==='dark')d.style.colorScheme=e}catch(e){}}()
  </script>
  <header
    class="flex w-full items-center justify-between border-0 border-b border-solid dark:border-b-white"
  >
    <div
      class="flex"
    >
      <a
        class="my-2 cursor-pointer rounded-lg p-2 text-3xl font-[700] text-black hover:bg-gray-300 hover:no-underline dark:text-white dark:hover:bg-gray-800"
        href="/"
      >
        Learning Path
      </a>
    </div>
    <div
      class="mr-3"
    >
      <button
        class="items-center rounded border-0 text-black dark:text-white p-2 flex bg-transparent hover:bg-gray-300 dark:hover:bg-gray-600"
      >
        <img
          alt="Moon"
          data-nimg="1"
          decoding="async"
          height="20"
          loading="lazy"
          src="/moon.svg"
          style="color: transparent;"
          width="20"
        />
      </button>
    </div>
  </header>
</div>
`;
