// Jest Snapshot v1, https://goo.gl/fbAQLP

exports[`<Header /> renders 1`] = `
<div>
  <header
    class="flex w-full items-center justify-between border-0 border-b border-solid dark:border-b-white"
  >
    <div
      class="flex"
    >
      <a
        class="my-2 cursor-pointer rounded-lg p-2 text-3xl font-[700] text-black hover:bg-gray-300 hover:no-underline dark:text-white dark:hover:bg-gray-800"
        href="/"
      >
        Learning Path
      </a>
    </div>
    <div
      class="mr-3"
    >
      <button
        class="items-center rounded border-0 text-black dark:text-white p-2 flex bg-transparent hover:bg-gray-300 dark:hover:bg-gray-600"
      >
        <img
          alt="Moon"
          height="20"
          src="/moon.svg"
          width="20"
        />
      </button>
    </div>
  </header>
</div>
`;
