// Jest Snapshot v1, https://goo.gl/fbAQLP

exports[`<Header /> renders 1`] = `
<div>
  <header
    class="flex w-full items-center justify-between border-b border-solid border-b-light-border dark:border-b-dark-border"
  >
    <a
      class="my-2 cursor-pointer rounded-lg p-2 text-2xl font-[700] text-black hover:bg-gray-300 hover:no-underline dark:text-white dark:hover:bg-gray-800 xs:text-3xl"
      href="/"
    >
      Learning Path
    </a>
    <div
      class="mr-3"
    >
      <button
        class="flex items-center rounded border-0 p-2 bg-transparent hover:bg-slate-300 dark:hover:bg-slate-600"
      >
        <img
          alt="Moon"
          height="20"
          src="/moon.svg"
          width="20"
        />
      </button>
    </div>
  </header>
</div>
`;
