// Jest Snapshot v1, https://goo.gl/fbAQLP

exports[`<SearchArea /> renders 1`] = `
<div>
  <form
    class="relative flex h-16 items-center"
  >
    <label
      class="flex h-full w-full flex-col"
    >
      <span>
        Search notes
      </span>
      <input
        autocomplete="off"
        class="h-1/2 rounded border-[1px] border-solid border-light-border bg-transparent pl-2 text-sm dark:border-0  dark:bg-neutral-800 dark:placeholder-gray-300 dark:placeholder-opacity-60"
        name="q"
        placeholder="Type here"
        value=""
      />
    </label>
    <div
      class="absolute bottom-0 right-0 flex h-1/2 gap-2 p-1 text-sm"
    >
      <button
        class="flex items-center rounded border-0 p-2 bg-slate-300 hover:bg-slate-300/75 dark:bg-slate-600 dark:hover:bg-slate-600/75"
      >
        Search
      </button>
    </div>
  </form>
</div>
`;
