// Jest Snapshot v1, https://goo.gl/fbAQLP

exports[`<Input /> renders 1`] = `
<div>
  <label
    class="flex h-full w-full flex-col"
  >
    <span>
      a label
    </span>
    <input
      class="h-1/2 rounded border-[1px] border-solid border-light-border bg-transparent pl-2 text-sm dark:border-0  dark:bg-neutral-800 dark:placeholder-gray-300 dark:placeholder-opacity-60"
    />
  </label>
</div>
`;
